// Jest Snapshot v1, https://goo.gl/fbAQLP

exports[`tests components LiveStreamItem Perform snapshots test LiveStreamItem 1`] = `
{
  "asFragment": [Function],
  "baseElement": <body>
    <div>
      <div
        class="rounded-lg flex flex-col justify-between h-[25vh] hover:opacity-90"
        data-testid="live-stream-container"
        style="background: url(https://i.ytimg.com/vi/1cOzBSD5-rM/hqdefault.jpg); background-size: cover;"
      >
        <div
          class="mx-3 my-3 p-1 flex items-center bg-[#00000047] w-36 justify-center rounded-lg"
        >
          <span
            aria-label="eye"
            class="anticon anticon-eye text-white text-sm"
            role="img"
          >
            <svg
              aria-hidden="true"
              data-icon="eye"
              fill="currentColor"
              focusable="false"
              height="1em"
              viewBox="64 64 896 896"
              width="1em"
            >
              <path
                d="M942.2 486.2C847.4 286.5 704.1 186 512 186c-192.2 0-335.4 100.5-430.2 300.3a60.3 60.3 0 000 51.5C176.6 737.5 319.9 838 512 838c192.2 0 335.4-100.5 430.2-300.3 7.7-16.2 7.7-35 0-51.5zM512 766c-161.3 0-279.4-81.8-362.7-254C232.6 339.8 350.7 258 512 258c161.3 0 279.4 81.8 362.7 254C791.5 684.2 673.4 766 512 766zm-4-430c-97.2 0-176 78.8-176 176s78.8 176 176 176 176-78.8 176-176-78.8-176-176-176zm0 288c-61.9 0-112-50.1-112-112s50.1-112 112-112 112 50.1 112 112-50.1 112-112 112z"
              />
            </svg>
          </span>
          <span
            class="ant-typography text-white text-sm"
          >
            10,5rb |
          </span>
          <div
            class="bg-red-500 h-2 w-2 mx-1 rounded-lg"
          />
          <span
            class="ant-typography text-red-500 text-sm"
          >
            Music
          </span>
        </div>
        <div
          class="p-4 bg-[#0000000d]"
        >
          <h5
            class="ant-typography !m-0 !text-white line-clamp-2"
          >
            Nyanyi-nyanyi malem enak nih
          </h5>
          <span
            class="ant-typography text-white"
          >
            Music
          </span>
        </div>
      </div>
    </div>
  </body>,
  "container": <div>
    <div
      class="rounded-lg flex flex-col justify-between h-[25vh] hover:opacity-90"
      data-testid="live-stream-container"
      style="background: url(https://i.ytimg.com/vi/1cOzBSD5-rM/hqdefault.jpg); background-size: cover;"
    >
      <div
        class="mx-3 my-3 p-1 flex items-center bg-[#00000047] w-36 justify-center rounded-lg"
      >
        <span
          aria-label="eye"
          class="anticon anticon-eye text-white text-sm"
          role="img"
        >
          <svg
            aria-hidden="true"
            data-icon="eye"
            fill="currentColor"
            focusable="false"
            height="1em"
            viewBox="64 64 896 896"
            width="1em"
          >
            <path
              d="M942.2 486.2C847.4 286.5 704.1 186 512 186c-192.2 0-335.4 100.5-430.2 300.3a60.3 60.3 0 000 51.5C176.6 737.5 319.9 838 512 838c192.2 0 335.4-100.5 430.2-300.3 7.7-16.2 7.7-35 0-51.5zM512 766c-161.3 0-279.4-81.8-362.7-254C232.6 339.8 350.7 258 512 258c161.3 0 279.4 81.8 362.7 254C791.5 684.2 673.4 766 512 766zm-4-430c-97.2 0-176 78.8-176 176s78.8 176 176 176 176-78.8 176-176-78.8-176-176-176zm0 288c-61.9 0-112-50.1-112-112s50.1-112 112-112 112 50.1 112 112-50.1 112-112 112z"
            />
          </svg>
        </span>
        <span
          class="ant-typography text-white text-sm"
        >
          10,5rb |
        </span>
        <div
          class="bg-red-500 h-2 w-2 mx-1 rounded-lg"
        />
        <span
          class="ant-typography text-red-500 text-sm"
        >
          Music
        </span>
      </div>
      <div
        class="p-4 bg-[#0000000d]"
      >
        <h5
          class="ant-typography !m-0 !text-white line-clamp-2"
        >
          Nyanyi-nyanyi malem enak nih
        </h5>
        <span
          class="ant-typography text-white"
        >
          Music
        </span>
      </div>
    </div>
  </div>,
  "debug": [Function],
  "findAllByAltText": [Function],
  "findAllByDisplayValue": [Function],
  "findAllByLabelText": [Function],
  "findAllByPlaceholderText": [Function],
  "findAllByRole": [Function],
  "findAllByTestId": [Function],
  "findAllByText": [Function],
  "findAllByTitle": [Function],
  "findByAltText": [Function],
  "findByDisplayValue": [Function],
  "findByLabelText": [Function],
  "findByPlaceholderText": [Function],
  "findByRole": [Function],
  "findByTestId": [Function],
  "findByText": [Function],
  "findByTitle": [Function],
  "getAllByAltText": [Function],
  "getAllByDisplayValue": [Function],
  "getAllByLabelText": [Function],
  "getAllByPlaceholderText": [Function],
  "getAllByRole": [Function],
  "getAllByTestId": [Function],
  "getAllByText": [Function],
  "getAllByTitle": [Function],
  "getByAltText": [Function],
  "getByDisplayValue": [Function],
  "getByLabelText": [Function],
  "getByPlaceholderText": [Function],
  "getByRole": [Function],
  "getByTestId": [Function],
  "getByText": [Function],
  "getByTitle": [Function],
  "queryAllByAltText": [Function],
  "queryAllByDisplayValue": [Function],
  "queryAllByLabelText": [Function],
  "queryAllByPlaceholderText": [Function],
  "queryAllByRole": [Function],
  "queryAllByTestId": [Function],
  "queryAllByText": [Function],
  "queryAllByTitle": [Function],
  "queryByAltText": [Function],
  "queryByDisplayValue": [Function],
  "queryByLabelText": [Function],
  "queryByPlaceholderText": [Function],
  "queryByRole": [Function],
  "queryByTestId": [Function],
  "queryByText": [Function],
  "queryByTitle": [Function],
  "rerender": [Function],
  "unmount": [Function],
}
`;
